192.168.1.34 - - [12/Sep/2018:18:10:18 +0800] "GET /Poll/ HTTP/1.1" 302 - http-bio-8888-exec-24 0
192.168.1.34 - - [12/Sep/2018:18:10:18 +0800] "GET /Poll/student/index;jsessionid=63567D03D6A74C4E84B2EE6EF922826E HTTP/1.1" 200 28016 http-bio-8888-exec-24 0
192.168.1.34 - - [12/Sep/2018:18:10:18 +0800] "GET /Poll/dist/js/jquery.min.js HTTP/1.1" 200 86709 http-bio-8888-exec-24 109
192.168.1.34 - - [12/Sep/2018:18:10:18 +0800] "GET /Poll/dist/js/bootstrap.min.js HTTP/1.1" 200 34653 http-bio-8888-exec-19 0
192.168.1.34 - - [12/Sep/2018:18:10:18 +0800] "GET /Poll/js/student/index.js HTTP/1.1" 200 - http-bio-8888-exec-101 15
192.168.1.34 - - [12/Sep/2018:18:10:18 +0800] "GET /Poll/dist/css/bootstrap.min.css HTTP/1.1" 200 114011 http-bio-8888-exec-28 578
192.168.1.34 - - [12/Sep/2018:18:10:19 +0800] "GET /favicon.ico HTTP/1.1" 404 - http-bio-8888-exec-28 0
192.168.1.128 - - [12/Sep/2018:18:10:19 +0800] "GET /Poll HTTP/1.1" 302 - http-bio-8888-exec-131 0
192.168.1.128 - - [12/Sep/2018:18:10:19 +0800] "GET /Poll/ HTTP/1.1" 302 - http-bio-8888-exec-131 0
192.168.1.128 - - [12/Sep/2018:18:10:19 +0800] "GET /Poll/student/index;jsessionid=4B9865C751BA14210EEE14365F0241C3 HTTP/1.1" 200 28016 http-bio-8888-exec-131 0
192.168.1.128 - - [12/Sep/2018:18:10:20 +0800] "GET /Poll/dist/css/bootstrap.min.css HTTP/1.1" 200 114011 http-bio-8888-exec-131 156
192.168.1.4 - - [12/Sep/2018:18:10:20 +0800] "GET /Poll HTTP/1.1" 302 - http-bio-8888-exec-37 0
192.168.1.4 - - [12/Sep/2018:18:10:20 +0800] "GET /Poll/ HTTP/1.1" 302 - http-bio-8888-exec-37 0
192.168.1.128 - - [12/Sep/2018:18:10:20 +0800] "GET /Poll/dist/js/jquery.min.js HTTP/1.1" 200 86709 http-bio-8888-exec-131 0
192.168.1.128 - - [12/Sep/2018:18:10:20 +0800] "GET /Poll/dist/js/bootstrap.min.js HTTP/1.1" 200 34653 http-bio-8888-exec-152 0
192.168.1.128 - - [12/Sep/2018:18:10:20 +0800] "GET /Poll/js/student/index.js HTTP/1.1" 200 - http-bio-8888-exec-35 0
192.168.1.4 - - [12/Sep/2018:18:10:20 +0800] "GET /Poll/student/index;jsessionid=1475E740CFF18F478632AC0C3147E5D4 HTTP/1.1" 200 28016 http-bio-8888-exec-37 16
192.168.1.4 - - [12/Sep/2018:18:10:21 +0800] "GET /Poll/dist/css/bootstrap.min.css HTTP/1.1" 200 114011 http-bio-8888-exec-34 515
192.168.1.128 - - [12/Sep/2018:18:10:21 +0800] "GET /favicon.ico HTTP/1.1" 404 - http-bio-8888-exec-152 0
192.168.1.138 - - [12/Sep/2018:18:10:23 +0800] "GET /Poll HTTP/1.1" 302 - http-bio-8888-exec-32 0
192.168.1.138 - - [12/Sep/2018:18:10:23 +0800] "GET /Poll/ HTTP/1.1" 302 - http-bio-8888-exec-32 0
192.168.1.138 - - [12/Sep/2018:18:10:23 +0800] "GET /Poll/student/index;jsessionid=EC0D2B1E87708F21D8C3A5168CCD2611 HTTP/1.1" 200 28016 http-bio-8888-exec-32 0
192.168.1.138 - - [12/Sep/2018:18:10:23 +0800] "GET /Poll/dist/js/jquery.min.js HTTP/1.1" 200 86709 http-bio-8888-exec-32 63
192.168.1.138 - - [12/Sep/2018:18:10:23 +0800] "GET /Poll/dist/js/bootstrap.min.js HTTP/1.1" 200 34653 http-bio-8888-exec-39 0
192.168.1.138 - - [12/Sep/2018:18:10:23 +0800] "GET /Poll/js/student/index.js HTTP/1.1" 200 - http-bio-8888-exec-43 0
192.168.1.138 - - [12/Sep/2018:18:10:23 +0800] "GET /Poll/dist/css/bootstrap.min.css HTTP/1.1" 200 114011 http-bio-8888-exec-48 188
192.168.1.138 - - [12/Sep/2018:18:10:23 +0800] "GET /favicon.ico HTTP/1.1" 404 - http-bio-8888-exec-39 0
192.168.1.53 - - [12/Sep/2018:18:10:24 +0800] "GET /Poll HTTP/1.1" 302 - http-bio-8888-exec-46 0
192.168.1.53 - - [12/Sep/2018:18:10:24 +0800] "GET /Poll/ HTTP/1.1" 302 - http-bio-8888-exec-46 0
192.168.1.53 - - [12/Sep/2018:18:10:24 +0800] "GET /Poll/student/index;jsessionid=F8D51B4FD0770682A69811FDE720EA89 HTTP/1.1" 200 28016 http-bio-8888-exec-46 0
192.168.1.53 - - [12/Sep/2018:18:10:24 +0800] "GET /Poll/dist/css/bootstrap.min.css HTTP/1.1" 200 114011 http-bio-8888-exec-78 203
192.168.1.53 - - [12/Sep/2018:18:10:24 +0800] "GET /Poll/dist/js/bootstrap.min.js HTTP/1.1" 200 34653 http-bio-8888-exec-57 0
192.168.1.53 - - [12/Sep/2018:18:10:24 +0800] "GET /Poll/js/student/index.js HTTP/1.1" 200 - http-bio-8888-exec-58 0
192.168.1.53 - - [12/Sep/2018:18:10:24 +0800] "GET /Poll/dist/js/jquery.min.js HTTP/1.1" 200 86709 http-bio-8888-exec-46 187
192.168.1.53 - - [12/Sep/2018:18:10:25 +0800] "GET /favicon.ico HTTP/1.1" 404 - http-bio-8888-exec-57 0
192.168.1.3 - - [12/Sep/2018:18:10:28 +0800] "POST /Poll/student/submit HTTP/1.1" 200 1 http-bio-8888-exec-42 78
192.168.1.4 - - [12/Sep/2018:18:10:28 +0800] "GET /Poll/dist/js/bootstrap.min.js HTTP/1.1" 200 34653 http-bio-8888-exec-37 0
192.168.1.4 - - [12/Sep/2018:18:10:28 +0800] "GET /Poll/js/student/index.js HTTP/1.1" 200 - http-bio-8888-exec-128 0
192.168.1.4 - - [12/Sep/2018:18:10:28 +0800] "GET /Poll/dist/js/jquery.min.js HTTP/1.1" 200 86709 http-bio-8888-exec-34 63
192.168.1.4 - - [12/Sep/2018:18:10:29 +0800] "GET /favicon.ico HTTP/1.1" 404 - http-bio-8888-exec-60 0
192.168.1.33 - - [12/Sep/2018:18:10:37 +0800] "GET /Poll HTTP/1.1" 302 - http-bio-8888-exec-67 0
192.168.1.33 - - [12/Sep/2018:18:10:37 +0800] "GET /Poll/ HTTP/1.1" 302 - http-bio-8888-exec-67 0
192.168.1.33 - - [12/Sep/2018:18:10:37 +0800] "GET /Poll/student/index;jsessionid=FB4B5A6C2EC986B2B10C44302ADB78D8 HTTP/1.1" 200 28016 http-bio-8888-exec-67 0
192.168.1.33 - - [12/Sep/2018:18:10:38 +0800] "GET /Poll/dist/js/bootstrap.min.js HTTP/1.1" 200 34653 http-bio-8888-exec-70 0
192.168.1.33 - - [12/Sep/2018:18:10:38 +0800] "GET /Poll/dist/css/bootstrap.min.css HTTP/1.1" 200 114011 http-bio-8888-exec-67 47
192.168.1.33 - - [12/Sep/2018:18:10:38 +0800] "GET /Poll/js/student/index.js HTTP/1.1" 200 - http-bio-8888-exec-77 0
192.168.1.33 - - [12/Sep/2018:18:10:38 +0800] "GET /Poll/dist/js/jquery.min.js HTTP/1.1" 200 86709 http-bio-8888-exec-119 454
192.168.1.33 - - [12/Sep/2018:18:10:40 +0800] "GET /favicon.ico HTTP/1.1" 404 - http-bio-8888-exec-119 0
0:0:0:0:0:0:0:1 - - [12/Sep/2018:18:11:05 +0800] "GET /Poll/student/index HTTP/1.1" 200 28016 http-bio-8888-exec-80 4
192.168.1.70 - - [12/Sep/2018:18:11:08 +0800] "GET /Poll HTTP/1.1" 302 - http-bio-8888-exec-154 0
192.168.1.70 - - [12/Sep/2018:18:11:08 +0800] "GET /Poll/ HTTP/1.1" 302 - http-bio-8888-exec-154 0
192.168.1.70 - - [12/Sep/2018:18:11:08 +0800] "GET /Poll/student/index;jsessionid=7E2C956CB58CF2A4CDB17035B11B7385 HTTP/1.1" 200 28016 http-bio-8888-exec-154 0
192.168.1.70 - - [12/Sep/2018:18:11:08 +0800] "GET /favicon.ico HTTP/1.1" 404 - http-bio-8888-exec-154 0
192.168.1.105 - - [12/Sep/2018:18:11:20 +0800] "POST /Poll/student/submit HTTP/1.1" 500 16141 http-bio-8888-exec-12 63
192.168.1.105 - - [12/Sep/2018:18:11:39 +0800] "POST /Poll/student/submit HTTP/1.1" 200 1 http-bio-8888-exec-153 3
192.168.1.6 - - [12/Sep/2018:18:11:40 +0800] "GET /Poll HTTP/1.1" 302 - http-bio-8888-exec-148 0
192.168.1.6 - - [12/Sep/2018:18:11:40 +0800] "GET /Poll/ HTTP/1.1" 302 - http-bio-8888-exec-150 16
192.168.1.6 - - [12/Sep/2018:18:11:40 +0800] "GET /Poll/student/index;jsessionid=BD92C04C129F62C9AC341AB8B4E2CAD8 HTTP/1.1" 200 28016 http-bio-8888-exec-150 0
192.168.1.6 - - [12/Sep/2018:18:11:40 +0800] "GET /Poll/dist/css/bootstrap.min.css HTTP/1.1" 200 114011 http-bio-8888-exec-150 31
192.168.1.6 - - [12/Sep/2018:18:11:40 +0800] "GET /Poll/dist/js/bootstrap.min.js HTTP/1.1" 200 34653 http-bio-8888-exec-108 0
192.168.1.6 - - [12/Sep/2018:18:11:40 +0800] "GET /Poll/js/student/index.js HTTP/1.1" 200 - http-bio-8888-exec-129 15
192.168.1.6 - - [12/Sep/2018:18:11:40 +0800] "GET /Poll/dist/js/jquery.min.js HTTP/1.1" 200 86709 http-bio-8888-exec-134 282
192.168.1.6 - - [12/Sep/2018:18:11:41 +0800] "GET /favicon.ico HTTP/1.1" 404 - http-bio-8888-exec-134 0
192.168.1.110 - - [12/Sep/2018:18:11:51 +0800] "POST /Poll/student/submit HTTP/1.1" 500 16141 http-bio-8888-exec-141 31
192.168.1.110 - - [12/Sep/2018:18:11:54 +0800] "POST /Poll/student/submit HTTP/1.1" 200 1 http-bio-8888-exec-127 0
192.168.1.22 - - [12/Sep/2018:18:12:07 +0800] "POST /Poll/student/submit HTTP/1.1" 500 16141 http-bio-8888-exec-8 16
192.168.1.22 - - [12/Sep/2018:18:12:10 +0800] "POST /Poll/student/submit HTTP/1.1" 200 1 http-bio-8888-exec-1 0
192.168.1.98 - - [12/Sep/2018:18:12:30 +0800] "POST /Poll/student/submit HTTP/1.1" 200 1 http-bio-8888-exec-84 3
192.168.1.86 - - [12/Sep/2018:18:12:44 +0800] "GET /Poll HTTP/1.1" 302 - http-bio-8888-exec-141 0
192.168.1.86 - - [12/Sep/2018:18:12:44 +0800] "GET /Poll/ HTTP/1.1" 302 - http-bio-8888-exec-141 1
192.168.1.86 - - [12/Sep/2018:18:12:44 +0800] "GET /Poll/student/index;jsessionid=B0841B252E64F45C3CFC45712FD894AA HTTP/1.1" 200 28016 http-bio-8888-exec-141 3
192.168.1.86 - - [12/Sep/2018:18:12:44 +0800] "GET /Poll/dist/js/bootstrap.min.js HTTP/1.1" 200 34653 http-bio-8888-exec-1 0
192.168.1.86 - - [12/Sep/2018:18:12:44 +0800] "GET /Poll/js/student/index.js HTTP/1.1" 200 - http-bio-8888-exec-136 0
192.168.1.86 - - [12/Sep/2018:18:12:45 +0800] "GET /Poll/dist/js/jquery.min.js HTTP/1.1" 200 86709 http-bio-8888-exec-141 78
192.168.1.86 - - [12/Sep/2018:18:12:45 +0800] "GET /Poll/dist/css/bootstrap.min.css HTTP/1.1" 200 114011 http-bio-8888-exec-154 426
192.168.1.86 - - [12/Sep/2018:18:12:46 +0800] "GET /favicon.ico HTTP/1.1" 404 - http-bio-8888-exec-134 0
192.168.1.61 - - [12/Sep/2018:18:12:56 +0800] "POST /Poll/student/submit HTTP/1.1" 200 1 http-bio-8888-exec-80 15
192.168.1.86 - - [12/Sep/2018:18:12:56 +0800] "GET /Poll HTTP/1.1" 302 - http-bio-8888-exec-84 0
192.168.1.86 - - [12/Sep/2018:18:12:57 +0800] "GET /Poll/ HTTP/1.1" 302 - http-bio-8888-exec-84 0
192.168.1.86 - - [12/Sep/2018:18:12:57 +0800] "GET /Poll/student/index;jsessionid=F701ABD48A754E673E5B47D23DB8E46F HTTP/1.1" 200 28016 http-bio-8888-exec-84 0
192.168.1.86 - - [12/Sep/2018:18:12:57 +0800] "GET /Poll/dist/css/bootstrap.min.css HTTP/1.1" 200 114011 http-bio-8888-exec-108 172
192.168.1.86 - - [12/Sep/2018:18:12:57 +0800] "GET /Poll/dist/js/bootstrap.min.js HTTP/1.1" 200 34653 http-bio-8888-exec-108 15
192.168.1.86 - - [12/Sep/2018:18:12:57 +0800] "GET /Poll/js/student/index.js HTTP/1.1" 200 - http-bio-8888-exec-154 0
192.168.1.86 - - [12/Sep/2018:18:12:57 +0800] "GET /Poll/dist/js/jquery.min.js HTTP/1.1" 200 86709 http-bio-8888-exec-84 235
192.168.1.86 - - [12/Sep/2018:18:12:59 +0800] "GET /favicon.ico HTTP/1.1" 404 - http-bio-8888-exec-154 0
192.168.1.61 - - [12/Sep/2018:18:13:04 +0800] "POST /Poll/student/submit HTTP/1.1" 200 1 http-bio-8888-exec-8 0
192.168.1.7 - - [12/Sep/2018:18:13:08 +0800] "POST /Poll/student/submit HTTP/1.1" 200 1 http-bio-8888-exec-129 0
192.168.1.7 - - [12/Sep/2018:18:13:12 +0800] "POST /Poll/student/submit HTTP/1.1" 200 1 http-bio-8888-exec-80 0
192.168.1.98 - - [12/Sep/2018:18:13:12 +0800] "POST /Poll/student/submit HTTP/1.1" 200 1 http-bio-8888-exec-141 0
192.168.1.63 - - [12/Sep/2018:18:13:29 +0800] "GET /Poll/student/index;jsessionid=22E74C266487230654244CC6FA3DE51C HTTP/1.1" 200 28016 http-bio-8888-exec-1 15
192.168.1.138 - - [12/Sep/2018:18:13:31 +0800] "GET /Poll HTTP/1.1" 302 - http-bio-8888-exec-154 0
192.168.1.138 - - [12/Sep/2018:18:13:31 +0800] "GET /Poll/ HTTP/1.1" 302 - http-bio-8888-exec-154 0
192.168.1.138 - - [12/Sep/2018:18:13:31 +0800] "GET /Poll/student/index HTTP/1.1" 200 28016 http-bio-8888-exec-154 0
192.168.1.63 - - [12/Sep/2018:18:13:32 +0800] "GET /Poll/student/index;jsessionid=22E74C266487230654244CC6FA3DE51C HTTP/1.1" 200 28016 http-bio-8888-exec-1 0
192.168.1.63 - - [12/Sep/2018:18:13:32 +0800] "GET /Poll/student/index;jsessionid=22E74C266487230654244CC6FA3DE51C HTTP/1.1" 200 28016 http-bio-8888-exec-1 0
192.168.1.63 - - [12/Sep/2018:18:13:33 +0800] "GET /Poll/student/index;jsessionid=22E74C266487230654244CC6FA3DE51C HTTP/1.1" 200 28016 http-bio-8888-exec-1 0
192.168.1.63 - - [12/Sep/2018:18:13:33 +0800] "GET /Poll/student/index;jsessionid=22E74C266487230654244CC6FA3DE51C HTTP/1.1" 200 28016 http-bio-8888-exec-1 0
192.168.1.63 - - [12/Sep/2018:18:13:33 +0800] "GET /Poll/student/index;jsessionid=22E74C266487230654244CC6FA3DE51C HTTP/1.1" 200 28016 http-bio-8888-exec-1 0
192.168.1.2 - - [12/Sep/2018:18:13:34 +0800] "POST /Poll/student/submit HTTP/1.1" 200 1 http-bio-8888-exec-127 0
192.168.1.48 - - [12/Sep/2018:18:16:32 +0800] "GET /Poll?tdsourcetag=s_pcqq_aiomsg HTTP/1.1" 302 - http-bio-8888-exec-11 0
192.168.1.69 - - [12/Sep/2018:18:16:32 +0800] "GET /Poll HTTP/1.1" 302 - http-bio-8888-exec-8 0
192.168.1.69 - - [12/Sep/2018:18:16:32 +0800] "GET /Poll HTTP/1.1" 302 - http-bio-8888-exec-9 0
192.168.1.69 - - [12/Sep/2018:18:16:33 +0800] "GET /Poll/ HTTP/1.1" 302 - http-bio-8888-exec-11 84
192.168.1.48 - - [12/Sep/2018:18:16:33 +0800] "GET /Poll/?tdsourcetag=s_pcqq_aiomsg HTTP/1.1" 302 - http-bio-8888-exec-15 66
192.168.1.5 - - [12/Sep/2018:18:16:34 +0800] "POST /Poll/student/submit HTTP/1.1" 500 4089 http-bio-8888-exec-2 1682
192.168.1.48 - - [12/Sep/2018:18:16:34 +0800] "GET /Poll/student/index HTTP/1.1" 200 4030 http-bio-8888-exec-15 1535
192.168.1.155 - - [12/Sep/2018:18:16:34 +0800] "GET /Poll/student/index;jsessionid=4753FBE4F868B50D9D92781F1C47AADC HTTP/1.1" 200 4030 http-bio-8888-exec-12 1699
192.168.1.69 - - [12/Sep/2018:18:16:34 +0800] "GET /Poll/student/index HTTP/1.1" 200 4030 http-bio-8888-exec-11 1547
192.168.1.5 - - [12/Sep/2018:18:16:34 +0800] "POST /Poll/student/submit HTTP/1.1" 500 4089 http-bio-8888-exec-6 1710
192.168.1.5 - - [12/Sep/2018:18:16:34 +0800] "POST /Poll/student/submit HTTP/1.1" 500 4089 http-bio-8888-exec-5 1710
192.168.1.5 - - [12/Sep/2018:18:16:34 +0800] "POST /Poll/student/submit HTTP/1.1" 500 4089 http-bio-8888-exec-8 27
192.168.1.5 - - [12/Sep/2018:18:16:34 +0800] "POST /Poll/student/submit HTTP/1.1" 500 4089 http-bio-8888-exec-3 1745
192.168.1.5 - - [12/Sep/2018:18:16:34 +0800] "POST /Poll/student/submit HTTP/1.1" 500 4089 http-bio-8888-exec-7 1752
192.168.1.136 - - [12/Sep/2018:18:16:34 +0800] "POST /Poll/student/submit HTTP/1.1" 500 4089 http-bio-8888-exec-1 1751
192.168.1.5 - - [12/Sep/2018:18:16:34 +0800] "POST /Poll/student/submit HTTP/1.1" 500 4089 http-bio-8888-exec-4 1754
192.168.1.48 - - [12/Sep/2018:18:16:34 +0800] "GET /Poll/dist/css/bootstrap.min.css HTTP/1.1" 304 - http-bio-8888-exec-15 17
192.168.1.5 - - [12/Sep/2018:18:16:34 +0800] "POST /Poll/student/submit HTTP/1.1" 500 4089 http-bio-8888-exec-14 12
192.168.1.48 - - [12/Sep/2018:18:16:34 +0800] "GET /Poll/dist/js/jquery.min.js HTTP/1.1" 304 - http-bio-8888-exec-5 5
192.168.1.48 - - [12/Sep/2018:18:16:34 +0800] "GET /Poll/dist/js/bootstrap.min.js HTTP/1.1" 304 - http-bio-8888-exec-8 3
192.168.1.48 - - [12/Sep/2018:18:16:34 +0800] "GET /Poll/js/student/index.js HTTP/1.1" 304 - http-bio-8888-exec-7 4
192.168.1.5 - - [12/Sep/2018:18:16:34 +0800] "POST /Poll/student/submit HTTP/1.1" 500 4089 http-bio-8888-exec-9 53
192.168.1.5 - - [12/Sep/2018:18:16:34 +0800] "POST /Poll/student/submit HTTP/1.1" 500 4089 http-bio-8888-exec-4 26
192.168.1.5 - - [12/Sep/2018:18:16:34 +0800] "POST /Poll/student/submit HTTP/1.1" 500 4089 http-bio-8888-exec-6 48
192.168.1.5 - - [12/Sep/2018:18:16:34 +0800] "POST /Poll/student/submit HTTP/1.1" 500 4089 http-bio-8888-exec-3 37
192.168.1.5 - - [12/Sep/2018:18:16:34 +0800] "POST /Poll/student/submit HTTP/1.1" 500 4089 http-bio-8888-exec-9 56
192.168.1.5 - - [12/Sep/2018:18:16:34 +0800] "POST /Poll/student/submit HTTP/1.1" 500 4089 http-bio-8888-exec-10 94
192.168.1.5 - - [12/Sep/2018:18:16:34 +0800] "POST /Poll/student/submit HTTP/1.1" 500 4089 http-bio-8888-exec-1 22
192.168.1.5 - - [12/Sep/2018:18:16:34 +0800] "POST /Poll/student/submit HTTP/1.1" 500 4011 http-bio-8888-exec-2 15
192.168.1.5 - - [12/Sep/2018:18:16:34 +0800] "POST /Poll/student/submit HTTP/1.1" 500 4011 http-bio-8888-exec-14 12
192.168.1.5 - - [12/Sep/2018:18:16:34 +0800] "POST /Poll/student/submit HTTP/1.1" 500 4011 http-bio-8888-exec-4 14
192.168.1.5 - - [12/Sep/2018:18:16:34 +0800] "POST /Poll/student/submit HTTP/1.1" 500 4011 http-bio-8888-exec-6 7
192.168.1.5 - - [12/Sep/2018:18:16:34 +0800] "POST /Poll/student/submit HTTP/1.1" 500 4011 http-bio-8888-exec-3 9
192.168.1.5 - - [12/Sep/2018:18:16:35 +0800] "POST /Poll/student/submit HTTP/1.1" 500 4011 http-bio-8888-exec-9 9
192.168.1.5 - - [12/Sep/2018:18:16:35 +0800] "POST /Poll/student/submit HTTP/1.1" 500 4011 http-bio-8888-exec-10 13
192.168.1.5 - - [12/Sep/2018:18:16:35 +0800] "POST /Poll/student/submit HTTP/1.1" 500 4011 http-bio-8888-exec-1 7
192.168.1.5 - - [12/Sep/2018:18:16:35 +0800] "POST /Poll/student/submit HTTP/1.1" 500 4011 http-bio-8888-exec-2 14
192.168.1.5 - - [12/Sep/2018:18:16:35 +0800] "POST /Poll/student/submit HTTP/1.1" 500 4011 http-bio-8888-exec-14 6
192.168.1.5 - - [12/Sep/2018:18:16:36 +0800] "POST /Poll/student/submit HTTP/1.1" 500 4011 http-bio-8888-exec-4 5
192.168.1.5 - - [12/Sep/2018:18:16:36 +0800] "POST /Poll/student/submit HTTP/1.1" 500 4011 http-bio-8888-exec-6 7
192.168.1.5 - - [12/Sep/2018:18:16:36 +0800] "POST /Poll/student/submit HTTP/1.1" 500 4011 http-bio-8888-exec-3 13
192.168.1.5 - - [12/Sep/2018:18:16:37 +0800] "POST /Poll/student/submit HTTP/1.1" 500 4011 http-bio-8888-exec-9 6
192.168.1.5 - - [12/Sep/2018:18:16:37 +0800] "POST /Poll/student/submit HTTP/1.1" 500 4011 http-bio-8888-exec-10 4
192.168.1.5 - - [12/Sep/2018:18:16:37 +0800] "POST /Poll/student/submit HTTP/1.1" 500 4011 http-bio-8888-exec-1 6
192.168.1.5 - - [12/Sep/2018:18:16:37 +0800] "POST /Poll/student/submit HTTP/1.1" 500 4011 http-bio-8888-exec-2 5
192.168.1.5 - - [12/Sep/2018:18:16:38 +0800] "POST /Poll/student/submit HTTP/1.1" 500 4011 http-bio-8888-exec-14 4
192.168.1.5 - - [12/Sep/2018:18:16:38 +0800] "POST /Poll/student/submit HTTP/1.1" 500 4011 http-bio-8888-exec-4 6
192.168.1.5 - - [12/Sep/2018:18:16:38 +0800] "POST /Poll/student/submit HTTP/1.1" 500 4011 http-bio-8888-exec-6 7
192.168.1.5 - - [12/Sep/2018:18:16:39 +0800] "POST /Poll/student/submit HTTP/1.1" 500 4011 http-bio-8888-exec-3 16
192.168.1.5 - - [12/Sep/2018:18:16:39 +0800] "POST /Poll/student/submit HTTP/1.1" 500 4011 http-bio-8888-exec-9 4
192.168.1.140 - - [12/Sep/2018:18:16:39 +0800] "GET /Poll HTTP/1.1" 302 - http-bio-8888-exec-10 0
192.168.1.140 - - [12/Sep/2018:18:16:39 +0800] "GET /Poll/ HTTP/1.1" 302 - http-bio-8888-exec-10 3
192.168.1.140 - - [12/Sep/2018:18:16:39 +0800] "GET /Poll/student/index;jsessionid=31548540F995BA1D7C04B60C7AD634BE HTTP/1.1" 200 4030 http-bio-8888-exec-10 2
0:0:0:0:0:0:0:1 - - [12/Sep/2018:18:16:39 +0800] "GET /Poll/teacher/login HTTP/1.1" 200 4763 http-bio-8888-exec-9 15
192.168.1.140 - - [12/Sep/2018:18:16:39 +0800] "GET /favicon.ico HTTP/1.1" 404 - http-bio-8888-exec-3 0
192.168.1.5 - - [12/Sep/2018:18:16:39 +0800] "POST /Poll/student/submit HTTP/1.1" 500 4011 http-bio-8888-exec-6 6
0:0:0:0:0:0:0:1 - - [12/Sep/2018:18:16:39 +0800] "GET /favicon.ico HTTP/1.1" 404 - http-bio-8888-exec-9 0
192.168.1.69 - - [12/Sep/2018:18:16:40 +0800] "GET /Poll/student/index HTTP/1.1" 200 4030 http-bio-8888-exec-11 2
0:0:0:0:0:0:0:1 - - [12/Sep/2018:18:16:44 +0800] "POST /Poll/teacher/logincl HTTP/1.1" 200 5020 http-bio-8888-exec-9 255
192.168.1.15 - - [12/Sep/2018:18:16:46 +0800] "GET /Poll/student/index;jsessionid=A1677DCA55CE3589BF980D20C8BB4F76 HTTP/1.1" 200 4030 http-bio-8888-exec-6 2
192.168.1.23 - - [12/Sep/2018:18:16:47 +0800] "GET /Poll HTTP/1.1" 302 - http-bio-8888-exec-9 0
192.168.1.23 - - [12/Sep/2018:18:16:47 +0800] "GET /Poll/ HTTP/1.1" 302 - http-bio-8888-exec-20 1
192.168.1.23 - - [12/Sep/2018:18:16:47 +0800] "GET /Poll/student/index HTTP/1.1" 200 4030 http-bio-8888-exec-20 2
192.168.1.140 - - [12/Sep/2018:18:16:49 +0800] "GET /Poll/student/index;jsessionid=31548540F995BA1D7C04B60C7AD634BE HTTP/1.1" 200 4030 http-bio-8888-exec-10 2
192.168.1.140 - - [12/Sep/2018:18:16:49 +0800] "GET /Poll/dist/css/bootstrap.min.css HTTP/1.1" 304 - http-bio-8888-exec-10 2
192.168.1.140 - - [12/Sep/2018:18:16:49 +0800] "GET /Poll/dist/js/jquery.min.js HTTP/1.1" 304 - http-bio-8888-exec-10 2
192.168.1.140 - - [12/Sep/2018:18:16:49 +0800] "GET /Poll/dist/js/bootstrap.min.js HTTP/1.1" 304 - http-bio-8888-exec-10 2
192.168.1.140 - - [12/Sep/2018:18:16:49 +0800] "GET /Poll/js/student/index.js HTTP/1.1" 304 - http-bio-8888-exec-10 2
192.168.1.69 - - [12/Sep/2018:18:16:49 +0800] "GET /Poll/student/index HTTP/1.1" 200 4030 http-bio-8888-exec-11 2
192.168.1.140 - - [12/Sep/2018:18:16:49 +0800] "GET /Poll/student/index;jsessionid=31548540F995BA1D7C04B60C7AD634BE HTTP/1.1" 200 4030 http-bio-8888-exec-10 1
192.168.1.140 - - [12/Sep/2018:18:16:49 +0800] "GET /Poll/dist/css/bootstrap.min.css HTTP/1.1" 304 - http-bio-8888-exec-10 1
192.168.1.140 - - [12/Sep/2018:18:16:49 +0800] "GET /Poll/dist/js/jquery.min.js HTTP/1.1" 304 - http-bio-8888-exec-9 2
192.168.1.140 - - [12/Sep/2018:18:16:49 +0800] "GET /Poll/dist/js/bootstrap.min.js HTTP/1.1" 304 - http-bio-8888-exec-9 2
192.168.1.140 - - [12/Sep/2018:18:16:49 +0800] "GET /Poll/js/student/index.js HTTP/1.1" 304 - http-bio-8888-exec-14 1
192.168.1.69 - - [12/Sep/2018:18:16:50 +0800] "GET /Poll/student/index HTTP/1.1" 200 4030 http-bio-8888-exec-11 2
0:0:0:0:0:0:0:1 - - [12/Sep/2018:18:16:51 +0800] "POST /Poll/teacher/logincl HTTP/1.1" 302 - http-bio-8888-exec-17 8
0:0:0:0:0:0:0:1 - - [12/Sep/2018:18:16:51 +0800] "GET /Poll/teacher/index HTTP/1.1" 200 26037 http-bio-8888-exec-17 66
192.168.1.69 - - [12/Sep/2018:18:16:51 +0800] "GET /Poll/student/index HTTP/1.1" 200 4030 http-bio-8888-exec-11 2
192.168.1.29 - - [12/Sep/2018:18:16:51 +0800] "GET /Poll HTTP/1.1" 302 - http-bio-8888-exec-6 0
192.168.1.29 - - [12/Sep/2018:18:16:51 +0800] "GET /Poll/ HTTP/1.1" 302 - http-bio-8888-exec-6 1
192.168.1.29 - - [12/Sep/2018:18:16:51 +0800] "GET /Poll/student/index;jsessionid=CB03F5BEFD569A3A5D551E04BB9EF385 HTTP/1.1" 200 4030 http-bio-8888-exec-6 2
192.168.1.29 - - [12/Sep/2018:18:16:51 +0800] "GET /Poll/dist/js/bootstrap.min.js HTTP/1.1" 200 34653 http-bio-8888-exec-1 4
192.168.1.29 - - [12/Sep/2018:18:16:51 +0800] "GET /Poll/js/student/index.js HTTP/1.1" 200 - http-bio-8888-exec-14 2
192.168.1.29 - - [12/Sep/2018:18:16:51 +0800] "GET /Poll/dist/js/jquery.min.js HTTP/1.1" 200 86709 http-bio-8888-exec-9 240
192.168.1.29 - - [12/Sep/2018:18:16:52 +0800] "GET /Poll/dist/css/bootstrap.min.css HTTP/1.1" 200 114011 http-bio-8888-exec-6 315
192.168.1.29 - - [12/Sep/2018:18:16:52 +0800] "GET /favicon.ico HTTP/1.1" 404 - http-bio-8888-exec-6 0
192.168.1.69 - - [12/Sep/2018:18:16:52 +0800] "GET /Poll/student/index HTTP/1.1" 200 4030 http-bio-8888-exec-11 2
192.168.1.69 - - [12/Sep/2018:18:16:53 +0800] "GET /Poll/student/index HTTP/1.1" 200 4030 http-bio-8888-exec-11 2
192.168.1.69 - - [12/Sep/2018:18:16:53 +0800] "GET /Poll/student/index HTTP/1.1" 200 4030 http-bio-8888-exec-11 2
192.168.1.69 - - [12/Sep/2018:18:16:54 +0800] "GET /Poll/student/index HTTP/1.1" 200 4030 http-bio-8888-exec-11 1
192.168.1.69 - - [12/Sep/2018:18:16:54 +0800] "GET /Poll/student/index HTTP/1.1" 200 4030 http-bio-8888-exec-4 2
192.168.1.69 - - [12/Sep/2018:18:16:54 +0800] "GET /Poll/student/index HTTP/1.1" 200 4030 http-bio-8888-exec-4 2
192.168.1.69 - - [12/Sep/2018:18:16:54 +0800] "GET /Poll/student/index HTTP/1.1" 200 4030 http-bio-8888-exec-4 2
192.168.1.69 - - [12/Sep/2018:18:16:55 +0800] "GET /Poll/student/index HTTP/1.1" 200 4030 http-bio-8888-exec-4 2
192.168.1.69 - - [12/Sep/2018:18:16:55 +0800] "GET /Poll/student/index HTTP/1.1" 200 4030 http-bio-8888-exec-4 2
192.168.1.69 - - [12/Sep/2018:18:16:55 +0800] "GET /Poll/student/index HTTP/1.1" 200 4030 http-bio-8888-exec-4 2
192.168.1.69 - - [12/Sep/2018:18:16:55 +0800] "GET /Poll/student/index HTTP/1.1" 200 4030 http-bio-8888-exec-4 0
192.168.1.69 - - [12/Sep/2018:18:16:55 +0800] "GET /Poll/student/index HTTP/1.1" 200 4030 http-bio-8888-exec-4 0
192.168.1.69 - - [12/Sep/2018:18:16:56 +0800] "GET /Poll/student/index HTTP/1.1" 200 4030 http-bio-8888-exec-4 0
192.168.1.69 - - [12/Sep/2018:18:16:56 +0800] "GET /Poll/student/index HTTP/1.1" 200 4030 http-bio-8888-exec-4 0
192.168.1.69 - - [12/Sep/2018:18:16:56 +0800] "GET /Poll/student/index HTTP/1.1" 200 4030 http-bio-8888-exec-4 0
192.168.1.69 - - [12/Sep/2018:18:16:56 +0800] "GET /Poll/student/index HTTP/1.1" 200 4030 http-bio-8888-exec-4 0
192.168.1.69 - - [12/Sep/2018:18:16:57 +0800] "GET /Poll/student/index HTTP/1.1" 200 4030 http-bio-8888-exec-11 0
192.168.1.69 - - [12/Sep/2018:18:16:57 +0800] "GET /Poll/student/index HTTP/1.1" 200 4030 http-bio-8888-exec-11 0
192.168.1.69 - - [12/Sep/2018:18:16:57 +0800] "GET /Poll/student/index HTTP/1.1" 200 4030 http-bio-8888-exec-11 0
192.168.1.69 - - [12/Sep/2018:18:16:57 +0800] "GET /Poll/student/index HTTP/1.1" 200 4030 http-bio-8888-exec-11 2
192.168.1.69 - - [12/Sep/2018:18:16:58 +0800] "GET /Poll/student/index HTTP/1.1" 200 4030 http-bio-8888-exec-11 0
192.168.1.69 - - [12/Sep/2018:18:16:58 +0800] "GET /Poll/student/index HTTP/1.1" 200 4030 http-bio-8888-exec-11 0
192.168.1.69 - - [12/Sep/2018:18:16:58 +0800] "GET /Poll/student/index HTTP/1.1" 200 4030 http-bio-8888-exec-11 0
192.168.1.69 - - [12/Sep/2018:18:16:58 +0800] "GET /Poll/student/index HTTP/1.1" 200 4030 http-bio-8888-exec-11 0
192.168.1.69 - - [12/Sep/2018:18:16:58 +0800] "GET /Poll/student/index HTTP/1.1" 200 4030 http-bio-8888-exec-11 0
192.168.1.69 - - [12/Sep/2018:18:16:58 +0800] "GET /Poll/student/index HTTP/1.1" 200 4030 http-bio-8888-exec-11 0
192.168.1.69 - - [12/Sep/2018:18:16:59 +0800] "GET /Poll/student/index HTTP/1.1" 200 4030 http-bio-8888-exec-1 0
192.168.1.69 - - [12/Sep/2018:18:16:59 +0800] "GET /Poll/student/index HTTP/1.1" 200 4030 http-bio-8888-exec-10 16
192.168.1.69 - - [12/Sep/2018:18:16:59 +0800] "GET /Poll/student/index HTTP/1.1" 200 4030 http-bio-8888-exec-10 2
192.168.1.152 - - [12/Sep/2018:18:16:59 +0800] "POST /Poll/student/submit HTTP/1.1" 500 4011 http-bio-8888-exec-19 0
192.168.1.69 - - [12/Sep/2018:18:16:59 +0800] "GET /Poll/student/index HTTP/1.1" 200 4030 http-bio-8888-exec-16 0
192.168.1.69 - - [12/Sep/2018:18:17:00 +0800] "GET /Poll/student/index HTTP/1.1" 200 4030 http-bio-8888-exec-16 0
192.168.1.69 - - [12/Sep/2018:18:17:00 +0800] "GET /Poll/student/index HTTP/1.1" 200 4030 http-bio-8888-exec-16 2
192.168.1.69 - - [12/Sep/2018:18:17:00 +0800] "GET /Poll/student/index HTTP/1.1" 200 4030 http-bio-8888-exec-16 0
192.168.1.69 - - [12/Sep/2018:18:17:00 +0800] "GET /Poll/student/index HTTP/1.1" 200 4030 http-bio-8888-exec-16 0
192.168.1.69 - - [12/Sep/2018:18:17:01 +0800] "GET /Poll/student/index HTTP/1.1" 200 4030 http-bio-8888-exec-16 2
192.168.1.69 - - [12/Sep/2018:18:17:01 +0800] "GET /Poll/student/index HTTP/1.1" 200 4030 http-bio-8888-exec-19 2
192.168.1.69 - - [12/Sep/2018:18:17:01 +0800] "GET /Poll/student/index HTTP/1.1" 200 4030 http-bio-8888-exec-19 0
0:0:0:0:0:0:0:1 - - [12/Sep/2018:18:17:01 +0800] "GET /Poll/teacher/login HTTP/1.1" 200 5329 http-bio-8888-exec-17 4
192.168.1.69 - - [12/Sep/2018:18:17:01 +0800] "GET /Poll/student/index HTTP/1.1" 200 4030 http-bio-8888-exec-19 2
192.168.1.69 - - [12/Sep/2018:18:17:02 +0800] "GET /Poll/student/index HTTP/1.1" 200 4030 http-bio-8888-exec-19 0
192.168.1.69 - - [12/Sep/2018:18:17:02 +0800] "GET /Poll/student/index HTTP/1.1" 200 4030 http-bio-8888-exec-19 2
192.168.1.69 - - [12/Sep/2018:18:17:03 +0800] "GET /Poll/student/index HTTP/1.1" 200 4030 http-bio-8888-exec-20 1
192.168.1.69 - - [12/Sep/2018:18:17:03 +0800] "GET /Poll/student/index HTTP/1.1" 200 4030 http-bio-8888-exec-20 2
192.168.1.69 - - [12/Sep/2018:18:17:03 +0800] "GET /Poll/student/index HTTP/1.1" 200 4030 http-bio-8888-exec-20 0
192.168.1.69 - - [12/Sep/2018:18:17:04 +0800] "GET /Poll/student/index HTTP/1.1" 200 4030 http-bio-8888-exec-10 0
192.168.1.69 - - [12/Sep/2018:18:17:04 +0800] "GET /Poll/student/index HTTP/1.1" 200 4030 http-bio-8888-exec-10 0
192.168.1.48 - - [12/Sep/2018:18:17:05 +0800] "GET /Poll/student/index HTTP/1.1" 200 4030 http-bio-8888-exec-15 0
192.168.1.69 - - [12/Sep/2018:18:17:05 +0800] "GET /Poll/student/index HTTP/1.1" 200 4030 http-bio-8888-exec-10 0
192.168.1.48 - - [12/Sep/2018:18:17:05 +0800] "GET /Poll/dist/css/bootstrap.min.css HTTP/1.1" 304 - http-bio-8888-exec-2 0
192.168.1.48 - - [12/Sep/2018:18:17:05 +0800] "GET /Poll/dist/js/jquery.min.js HTTP/1.1" 304 - http-bio-8888-exec-5 0
192.168.1.48 - - [12/Sep/2018:18:17:05 +0800] "GET /Poll/dist/js/bootstrap.min.js HTTP/1.1" 304 - http-bio-8888-exec-8 0
192.168.1.48 - - [12/Sep/2018:18:17:05 +0800] "GET /Poll/js/student/index.js HTTP/1.1" 304 - http-bio-8888-exec-7 0
192.168.1.69 - - [12/Sep/2018:18:17:05 +0800] "GET /Poll/student/index HTTP/1.1" 200 4030 http-bio-8888-exec-10 1
192.168.1.69 - - [12/Sep/2018:18:17:05 +0800] "GET /Poll/student/index HTTP/1.1" 200 4030 http-bio-8888-exec-10 2
0:0:0:0:0:0:0:1 - - [12/Sep/2018:18:17:06 +0800] "POST /Poll/teacher/logincl HTTP/1.1" 302 - http-bio-8888-exec-17 6
0:0:0:0:0:0:0:1 - - [12/Sep/2018:18:17:06 +0800] "GET /Poll/teacher/index HTTP/1.1" 200 26037 http-bio-8888-exec-17 21
192.168.1.69 - - [12/Sep/2018:18:17:06 +0800] "GET /Poll/student/index HTTP/1.1" 200 4030 http-bio-8888-exec-20 2
192.168.1.69 - - [12/Sep/2018:18:17:06 +0800] "GET /Poll/student/index HTTP/1.1" 200 4030 http-bio-8888-exec-20 1
192.168.1.138 - - [12/Sep/2018:18:17:06 +0800] "POST /Poll/student/submit HTTP/1.1" 500 4011 http-bio-8888-exec-15 0
192.168.1.69 - - [12/Sep/2018:18:17:06 +0800] "GET /Poll/student/index HTTP/1.1" 200 4030 http-bio-8888-exec-20 16
192.168.1.69 - - [12/Sep/2018:18:17:06 +0800] "GET /Poll/student/index HTTP/1.1" 200 4030 http-bio-8888-exec-20 2
192.168.1.69 - - [12/Sep/2018:18:17:06 +0800] "GET /Poll/student/index HTTP/1.1" 200 4030 http-bio-8888-exec-20 2
192.168.1.69 - - [12/Sep/2018:18:17:07 +0800] "GET /Poll/student/index HTTP/1.1" 200 4030 http-bio-8888-exec-20 1
192.168.1.69 - - [12/Sep/2018:18:17:07 +0800] "GET /Poll/student/index HTTP/1.1" 200 4030 http-bio-8888-exec-20 2
192.168.1.152 - - [12/Sep/2018:18:17:07 +0800] "POST /Poll/student/submit HTTP/1.1" 500 4011 http-bio-8888-exec-13 5
192.168.1.69 - - [12/Sep/2018:18:17:07 +0800] "GET /Poll/student/index HTTP/1.1" 200 4030 http-bio-8888-exec-20 2
192.168.1.69 - - [12/Sep/2018:18:17:07 +0800] "GET /Poll/student/index HTTP/1.1" 200 4030 http-bio-8888-exec-20 2
192.168.1.69 - - [12/Sep/2018:18:17:07 +0800] "GET /Poll/student/index HTTP/1.1" 200 4030 http-bio-8888-exec-10 2
192.168.1.23 - - [12/Sep/2018:18:17:07 +0800] "GET /Poll HTTP/1.1" 302 - http-bio-8888-exec-5 0
192.168.1.23 - - [12/Sep/2018:18:17:07 +0800] "GET /Poll/ HTTP/1.1" 302 - http-bio-8888-exec-5 0
192.168.1.23 - - [12/Sep/2018:18:17:07 +0800] "GET /Poll/student/index HTTP/1.1" 200 4030 http-bio-8888-exec-5 0
192.168.1.69 - - [12/Sep/2018:18:17:08 +0800] "GET /Poll/student/index HTTP/1.1" 200 4030 http-bio-8888-exec-10 0
192.168.1.69 - - [12/Sep/2018:18:17:08 +0800] "GET /Poll/student/index HTTP/1.1" 200 4030 http-bio-8888-exec-10 1
0:0:0:0:0:0:0:1 - - [12/Sep/2018:18:17:08 +0800] "GET /Poll/teacher/index?status=4 HTTP/1.1" 200 30103 http-bio-8888-exec-17 19
192.168.1.69 - - [12/Sep/2018:18:17:08 +0800] "GET /Poll/student/index HTTP/1.1" 200 4030 http-bio-8888-exec-10 1
192.168.1.152 - - [12/Sep/2018:18:17:08 +0800] "POST /Poll/student/submit HTTP/1.1" 500 4011 http-bio-8888-exec-15 5
192.168.1.69 - - [12/Sep/2018:18:17:08 +0800] "GET /Poll/student/index HTTP/1.1" 200 4030 http-bio-8888-exec-10 2
192.168.1.152 - - [12/Sep/2018:18:17:08 +0800] "POST /Poll/student/submit HTTP/1.1" 500 4011 http-bio-8888-exec-3 5
192.168.1.138 - - [12/Sep/2018:18:17:08 +0800] "POST /Poll/student/submit HTTP/1.1" 500 4011 http-bio-8888-exec-7 4
192.168.1.69 - - [12/Sep/2018:18:17:08 +0800] "GET /Poll/student/index HTTP/1.1" 200 4030 http-bio-8888-exec-10 1
192.168.1.152 - - [12/Sep/2018:18:17:08 +0800] "POST /Poll/student/submit HTTP/1.1" 500 4011 http-bio-8888-exec-15 5
192.168.1.152 - - [12/Sep/2018:18:17:09 +0800] "POST /Poll/student/submit HTTP/1.1" 500 4011 http-bio-8888-exec-20 0
192.168.1.69 - - [12/Sep/2018:18:17:09 +0800] "GET /Poll/student/index HTTP/1.1" 200 4030 http-bio-8888-exec-10 16
192.168.1.155 - - [12/Sep/2018:18:17:09 +0800] "GET /Poll/student/index;jsessionid=4753FBE4F868B50D9D92781F1C47AADC HTTP/1.1" 200 4030 http-bio-8888-exec-12 2
192.168.1.69 - - [12/Sep/2018:18:17:09 +0800] "GET /Poll/student/index HTTP/1.1" 200 4030 http-bio-8888-exec-10 2
192.168.1.48 - - [12/Sep/2018:18:17:09 +0800] "GET /Poll/student/index HTTP/1.1" 200 4030 http-bio-8888-exec-2 0
192.168.1.48 - - [12/Sep/2018:18:17:09 +0800] "GET /Poll/dist/css/bootstrap.min.css HTTP/1.1" 304 - http-bio-8888-exec-2 0
192.168.1.48 - - [12/Sep/2018:18:17:09 +0800] "GET /Poll/dist/js/jquery.min.js HTTP/1.1" 304 - http-bio-8888-exec-4 0
192.168.1.48 - - [12/Sep/2018:18:17:09 +0800] "GET /Poll/dist/js/bootstrap.min.js HTTP/1.1" 304 - http-bio-8888-exec-16 0
192.168.1.48 - - [12/Sep/2018:18:17:09 +0800] "GET /Poll/js/student/index.js HTTP/1.1" 304 - http-bio-8888-exec-8 0
192.168.1.69 - - [12/Sep/2018:18:17:09 +0800] "GET /Poll/student/index HTTP/1.1" 200 4030 http-bio-8888-exec-10 0
192.168.1.152 - - [12/Sep/2018:18:17:09 +0800] "POST /Poll/student/submit HTTP/1.1" 500 4011 http-bio-8888-exec-12 0
192.168.1.69 - - [12/Sep/2018:18:17:09 +0800] "GET /Poll/student/index HTTP/1.1" 200 4030 http-bio-8888-exec-10 0
192.168.1.69 - - [12/Sep/2018:18:17:10 +0800] "GET /Poll/student/index HTTP/1.1" 200 4030 http-bio-8888-exec-10 0
192.168.1.69 - - [12/Sep/2018:18:17:10 +0800] "GET /Poll/student/index HTTP/1.1" 200 4030 http-bio-8888-exec-10 1
192.168.1.152 - - [12/Sep/2018:18:17:10 +0800] "POST /Poll/student/submit HTTP/1.1" 500 4011 http-bio-8888-exec-3 5
0:0:0:0:0:0:0:1 - - [12/Sep/2018:18:17:10 +0800] "POST /Poll/teacher/check HTTP/1.1" 200 1 http-bio-8888-exec-17 23
192.168.1.99 - - [12/Sep/2018:18:17:11 +0800] "POST /Poll/student/submit HTTP/1.1" 200 1 http-bio-8888-exec-20 77
192.168.1.48 - - [12/Sep/2018:18:17:11 +0800] "GET /Poll/student/index HTTP/1.1" 200 28026 http-bio-8888-exec-2 6
192.168.1.48 - - [12/Sep/2018:18:17:12 +0800] "GET /Poll/dist/css/bootstrap.min.css HTTP/1.1" 304 - http-bio-8888-exec-4 1
192.168.1.48 - - [12/Sep/2018:18:17:12 +0800] "GET /Poll/dist/js/jquery.min.js HTTP/1.1" 304 - http-bio-8888-exec-16 1
192.168.1.48 - - [12/Sep/2018:18:17:12 +0800] "GET /Poll/dist/js/bootstrap.min.js HTTP/1.1" 304 - http-bio-8888-exec-8 1
192.168.1.48 - - [12/Sep/2018:18:17:12 +0800] "GET /Poll/js/student/index.js HTTP/1.1" 304 - http-bio-8888-exec-2 2
192.168.1.5 - - [12/Sep/2018:18:17:12 +0800] "POST /Poll/student/submit HTTP/1.1" 200 1 http-bio-8888-exec-3 48
192.168.1.138 - - [12/Sep/2018:18:17:12 +0800] "GET /Poll/js/student/index.js HTTP/1.1" 304 - http-bio-8888-exec-16 1
0:0:0:0:0:0:0:1 - - [12/Sep/2018:18:17:16 +0800] "GET /Poll/ HTTP/1.1" 302 - http-bio-8888-exec-17 1
0:0:0:0:0:0:0:1 - - [12/Sep/2018:18:17:16 +0800] "GET /Poll/student/index HTTP/1.1" 200 28026 http-bio-8888-exec-10 5
192.168.1.69 - - [12/Sep/2018:18:17:16 +0800] "GET /Poll/student/index HTTP/1.1" 200 28026 http-bio-8888-exec-5 5
192.168.1.5 - - [12/Sep/2018:18:17:16 +0800] "POST /Poll/student/submit HTTP/1.1" 200 1 http-bio-8888-exec-3 0
192.168.1.97 - - [12/Sep/2018:18:17:16 +0800] "GET / HTTP/1.1" 404 - http-bio-8888-exec-1 0
192.168.1.136 - - [12/Sep/2018:18:17:17 +0800] "GET /Poll/student/index;jsessionid=6FC82D543D2358AD59EE6202977B7BB5 HTTP/1.1" 200 28026 http-bio-8888-exec-19 5
192.168.1.97 - - [12/Sep/2018:18:17:18 +0800] "GET / HTTP/1.1" 404 - http-bio-8888-exec-15 0
192.168.1.15 - - [12/Sep/2018:18:17:19 +0800] "GET /Poll/student/index;jsessionid=A1677DCA55CE3589BF980D20C8BB4F76 HTTP/1.1" 200 28026 http-bio-8888-exec-18 0
192.168.1.116 - - [12/Sep/2018:18:17:19 +0800] "GET /Pol HTTP/1.1" 404 - http-bio-8888-exec-24 0
192.168.1.116 - - [12/Sep/2018:18:17:21 +0800] "GET /Pol HTTP/1.1" 404 - http-bio-8888-exec-25 0
192.168.1.116 - - [12/Sep/2018:18:17:22 +0800] "GET /Pol HTTP/1.1" 404 - http-bio-8888-exec-26 0
192.168.1.23 - - [12/Sep/2018:18:17:22 +0800] "GET /Poll HTTP/1.1" 302 - http-bio-8888-exec-25 0
192.168.1.23 - - [12/Sep/2018:18:17:22 +0800] "GET /Poll/ HTTP/1.1" 302 - http-bio-8888-exec-27 1
192.168.1.23 - - [12/Sep/2018:18:17:22 +0800] "GET /Poll/student/index HTTP/1.1" 200 28026 http-bio-8888-exec-28 4
192.168.1.116 - - [12/Sep/2018:18:17:22 +0800] "GET /Pol HTTP/1.1" 404 - http-bio-8888-exec-24 0
192.168.1.136 - - [12/Sep/2018:18:17:22 +0800] "GET /Poll/student/index;jsessionid=6FC82D543D2358AD59EE6202977B7BB5 HTTP/1.1" 200 28026 http-bio-8888-exec-22 3
192.168.1.116 - - [12/Sep/2018:18:17:23 +0800] "GET /Pol HTTP/1.1" 404 - http-bio-8888-exec-24 0
192.168.1.116 - - [12/Sep/2018:18:17:23 +0800] "GET /Pol HTTP/1.1" 404 - http-bio-8888-exec-24 0
192.168.1.136 - - [12/Sep/2018:18:17:24 +0800] "GET /Poll/student/index;jsessionid=6FC82D543D2358AD59EE6202977B7BB5 HTTP/1.1" 200 28026 http-bio-8888-exec-22 0
192.168.1.157 - - [12/Sep/2018:18:17:24 +0800] "GET /Poll HTTP/1.1" 302 - http-bio-8888-exec-25 0
192.168.1.157 - - [12/Sep/2018:18:17:25 +0800] "GET /Poll/ HTTP/1.1" 302 - http-bio-8888-exec-26 0
192.168.1.157 - - [12/Sep/2018:18:17:25 +0800] "GET /Poll/student/index;jsessionid=ECB976BB62E633B8445954B0EE58959D HTTP/1.1" 200 28026 http-bio-8888-exec-26 3
192.168.1.136 - - [12/Sep/2018:18:17:25 +0800] "GET /Poll/student/index;jsessionid=6FC82D543D2358AD59EE6202977B7BB5 HTTP/1.1" 200 28026 http-bio-8888-exec-22 4
192.168.1.136 - - [12/Sep/2018:18:17:25 +0800] "GET /Poll/student/index;jsessionid=6FC82D543D2358AD59EE6202977B7BB5 HTTP/1.1" 200 28026 http-bio-8888-exec-22 0
192.168.1.157 - - [12/Sep/2018:18:17:25 +0800] "GET /favicon.ico HTTP/1.1" 404 - http-bio-8888-exec-26 0
192.168.1.136 - - [12/Sep/2018:18:17:25 +0800] "GET /Poll/student/index;jsessionid=6FC82D543D2358AD59EE6202977B7BB5 HTTP/1.1" 200 28026 http-bio-8888-exec-22 15
192.168.1.29 - - [12/Sep/2018:18:17:25 +0800] "GET /Poll/student/index;jsessionid=CB03F5BEFD569A3A5D551E04BB9EF385 HTTP/1.1" 200 28026 http-bio-8888-exec-6 3
192.168.1.152 - - [12/Sep/2018:18:17:25 +0800] "POST /Poll/student/submit HTTP/1.1" 200 1 http-bio-8888-exec-25 49
192.168.1.18 - - [12/Sep/2018:18:17:28 +0800] "GET /Poll?tdsourcetag=s_pctim_aiomsg HTTP/1.1" 302 - http-bio-8888-exec-5 0
192.168.1.18 - - [12/Sep/2018:18:17:28 +0800] "GET /Poll/?tdsourcetag=s_pctim_aiomsg HTTP/1.1" 302 - http-bio-8888-exec-27 0
192.168.1.18 - - [12/Sep/2018:18:17:28 +0800] "GET /Poll/student/index HTTP/1.1" 200 28026 http-bio-8888-exec-29 0
192.168.1.123 - - [12/Sep/2018:18:17:39 +0800] "POST /Poll/student/submit HTTP/1.1" 200 1 http-bio-8888-exec-27 47
192.168.1.123 - - [12/Sep/2018:18:17:44 +0800] "GET /Poll/student/index;jsessionid=D5B7A29429A0974B96492FFEF316E568 HTTP/1.1" 200 28026 http-bio-8888-exec-30 0
192.168.1.138 - - [12/Sep/2018:18:17:44 +0800] "GET /Poll/student/index;jsessionid=EC0D2B1E87708F21D8C3A5168CCD2611 HTTP/1.1" 200 28026 http-bio-8888-exec-16 0
192.168.1.138 - - [12/Sep/2018:18:17:48 +0800] "GET /Poll/js/student/index.js HTTP/1.1" 304 - http-bio-8888-exec-27 0
192.168.1.138 - - [12/Sep/2018:18:17:50 +0800] "GET /Poll HTTP/1.1" 302 - http-bio-8888-exec-28 0
192.168.1.138 - - [12/Sep/2018:18:17:50 +0800] "GET /Poll/ HTTP/1.1" 302 - http-bio-8888-exec-28 0
192.168.1.138 - - [12/Sep/2018:18:17:50 +0800] "GET /Poll/student/index HTTP/1.1" 200 28026 http-bio-8888-exec-28 0
192.168.1.123 - - [12/Sep/2018:18:17:51 +0800] "GET /Poll/student/index;jsessionid=D5B7A29429A0974B96492FFEF316E568 HTTP/1.1" 200 28026 http-bio-8888-exec-5 4
192.168.1.123 - - [12/Sep/2018:18:17:52 +0800] "GET /Poll/student/index;jsessionid=D5B7A29429A0974B96492FFEF316E568 HTTP/1.1" 200 28026 http-bio-8888-exec-16 3
192.168.1.123 - - [12/Sep/2018:18:17:52 +0800] "GET /Poll/student/index;jsessionid=D5B7A29429A0974B96492FFEF316E568 HTTP/1.1" 200 28026 http-bio-8888-exec-16 3
192.168.1.123 - - [12/Sep/2018:18:17:52 +0800] "GET /Poll/student/index;jsessionid=D5B7A29429A0974B96492FFEF316E568 HTTP/1.1" 200 28026 http-bio-8888-exec-17 4
192.168.1.136 - - [12/Sep/2018:18:17:52 +0800] "GET /Poll HTTP/1.1" 302 - http-bio-8888-exec-22 0
192.168.1.136 - - [12/Sep/2018:18:17:52 +0800] "GET /Poll/ HTTP/1.1" 302 - http-bio-8888-exec-21 1
192.168.1.136 - - [12/Sep/2018:18:17:52 +0800] "GET /Poll/student/index HTTP/1.1" 200 28026 http-bio-8888-exec-9 3
192.168.1.123 - - [12/Sep/2018:18:17:52 +0800] "GET /Poll/student/index;jsessionid=D5B7A29429A0974B96492FFEF316E568 HTTP/1.1" 200 28026 http-bio-8888-exec-5 3
192.168.1.123 - - [12/Sep/2018:18:17:52 +0800] "GET /Poll/student/index;jsessionid=D5B7A29429A0974B96492FFEF316E568 HTTP/1.1" 200 28026 http-bio-8888-exec-5 4
192.168.1.123 - - [12/Sep/2018:18:17:52 +0800] "GET /Poll/student/index;jsessionid=D5B7A29429A0974B96492FFEF316E568 HTTP/1.1" 200 28026 http-bio-8888-exec-5 3
192.168.1.123 - - [12/Sep/2018:18:17:53 +0800] "GET /Poll/student/index;jsessionid=D5B7A29429A0974B96492FFEF316E568 HTTP/1.1" 200 28026 http-bio-8888-exec-5 3
192.168.1.140 - - [12/Sep/2018:18:17:57 +0800] "GET /Poll HTTP/1.1" 302 - http-bio-8888-exec-9 0
192.168.1.140 - - [12/Sep/2018:18:17:57 +0800] "GET /Poll/ HTTP/1.1" 302 - http-bio-8888-exec-9 0
192.168.1.140 - - [12/Sep/2018:18:17:57 +0800] "GET /Poll/student/index;jsessionid=B2CDB142D699B8129297F0341533E00B HTTP/1.1" 200 28026 http-bio-8888-exec-9 0
0:0:0:0:0:0:0:1 - - [12/Sep/2018:18:17:58 +0800] "GET /Poll/student/index HTTP/1.1" 200 28026 http-bio-8888-exec-10 4
0:0:0:0:0:0:0:1 - - [12/Sep/2018:18:17:59 +0800] "GET /Poll/student/index HTTP/1.1" 200 28026 http-bio-8888-exec-10 4
192.168.1.156 - - [12/Sep/2018:18:18:12 +0800] "GET /Poll/student/index;jsessionid=95E33DE77DE30E4940A0F8156BD0E859 HTTP/1.1" 200 28026 http-bio-8888-exec-22 3
192.168.1.156 - - [12/Sep/2018:18:18:14 +0800] "GET /Poll/student/index;jsessionid=95E33DE77DE30E4940A0F8156BD0E859 HTTP/1.1" 200 28026 http-bio-8888-exec-22 3
192.168.1.163 - - [12/Sep/2018:18:18:14 +0800] "GET /Poll HTTP/1.1" 302 - http-bio-8888-exec-20 0
192.168.1.163 - - [12/Sep/2018:18:18:14 +0800] "GET /Poll/ HTTP/1.1" 302 - http-bio-8888-exec-20 1
192.168.1.163 - - [12/Sep/2018:18:18:14 +0800] "GET /Poll/student/index HTTP/1.1" 200 28026 http-bio-8888-exec-20 3
192.168.1.123 - - [12/Sep/2018:18:18:20 +0800] "GET /Poll/student/index;jsessionid=D5B7A29429A0974B96492FFEF316E568 HTTP/1.1" 200 28026 http-bio-8888-exec-5 0
192.168.1.156 - - [12/Sep/2018:18:18:22 +0800] "GET / HTTP/1.1" 404 - http-bio-8888-exec-22 0
0:0:0:0:0:0:0:1 - - [12/Sep/2018:18:18:30 +0800] "POST /Poll/student/submit HTTP/1.1" 200 1 http-bio-8888-exec-17 44
192.168.1.156 - - [12/Sep/2018:18:18:33 +0800] "GET /Poll HTTP/1.1" 302 - http-bio-8888-exec-22 0
192.168.1.156 - - [12/Sep/2018:18:18:33 +0800] "GET /Poll/ HTTP/1.1" 302 - http-bio-8888-exec-22 1
192.168.1.156 - - [12/Sep/2018:18:18:33 +0800] "GET /Poll/student/index HTTP/1.1" 200 28026 http-bio-8888-exec-22 4
192.168.1.136 - - [12/Sep/2018:18:18:36 +0800] "POST /Poll/student/submit HTTP/1.1" 200 1 http-bio-8888-exec-27 47
192.168.1.112 - - [12/Sep/2018:18:18:36 +0800] "GET /Poll?tdsourcetag=s_pcqq_aiomsg HTTP/1.1" 302 - http-bio-8888-exec-1 0
192.168.1.112 - - [12/Sep/2018:18:18:36 +0800] "GET /Poll/?tdsourcetag=s_pcqq_aiomsg HTTP/1.1" 302 - http-bio-8888-exec-1 0
192.168.1.112 - - [12/Sep/2018:18:18:36 +0800] "GET /Poll/student/index HTTP/1.1" 200 28026 http-bio-8888-exec-1 2
0:0:0:0:0:0:0:1 - - [12/Sep/2018:18:18:38 +0800] "GET /Poll/teacher/login HTTP/1.1" 200 5329 http-bio-8888-exec-17 4
0:0:0:0:0:0:0:1 - - [12/Sep/2018:18:18:44 +0800] "POST /Poll/teacher/logincl HTTP/1.1" 302 - http-bio-8888-exec-17 14
0:0:0:0:0:0:0:1 - - [12/Sep/2018:18:18:44 +0800] "GET /Poll/teacher/index HTTP/1.1" 200 12360 http-bio-8888-exec-17 12
192.168.1.136 - - [12/Sep/2018:18:18:44 +0800] "POST /Poll/student/submit HTTP/1.1" 200 1 http-bio-8888-exec-27 3
0:0:0:0:0:0:0:1 - - [12/Sep/2018:18:18:46 +0800] "POST /Poll/teacher/uniquekey HTTP/1.1" 200 1 http-bio-8888-exec-17 10
0:0:0:0:0:0:0:1 - - [12/Sep/2018:18:18:47 +0800] "POST /Poll/teacher/query HTTP/1.1" 200 5110 http-bio-8888-exec-17 144
192.168.1.18 - - [12/Sep/2018:18:18:52 +0800] "GET /Poll?tdsourcetag=s_pctim_aiomsg HTTP/1.1" 302 - http-bio-8888-exec-21 0
192.168.1.18 - - [12/Sep/2018:18:18:52 +0800] "GET /Poll/?tdsourcetag=s_pctim_aiomsg HTTP/1.1" 302 - http-bio-8888-exec-21 0
192.168.1.18 - - [12/Sep/2018:18:18:52 +0800] "GET /Poll/student/index HTTP/1.1" 200 28026 http-bio-8888-exec-21 0
0:0:0:0:0:0:0:1 - - [12/Sep/2018:18:18:52 +0800] "POST /Poll/teacher/query HTTP/1.1" 200 5110 http-bio-8888-exec-29 42
192.168.1.98 - - [12/Sep/2018:18:18:56 +0800] "GET /Poll HTTP/1.1" 302 - http-bio-8888-exec-14 0
192.168.1.98 - - [12/Sep/2018:18:18:56 +0800] "GET /Poll/ HTTP/1.1" 302 - http-bio-8888-exec-23 0
192.168.1.98 - - [12/Sep/2018:18:18:56 +0800] "GET /Poll/student/index;jsessionid=CF85F8CAA2EBDFF87EE157FF7DECC42A HTTP/1.1" 200 28026 http-bio-8888-exec-23 3
192.168.1.98 - - [12/Sep/2018:18:18:58 +0800] "GET /favicon.ico HTTP/1.1" 404 - http-bio-8888-exec-23 0
192.168.1.48 - - [12/Sep/2018:18:20:57 +0800] "GET /Poll?tdsourcetag=s_pcqq_aiomsg HTTP/1.1" 302 - http-bio-8888-exec-1 0
0:0:0:0:0:0:0:1 - - [12/Sep/2018:18:20:59 +0800] "GET /Poll/teacher/login HTTP/1.1" 200 5329 http-bio-8888-exec-3 1664
0:0:0:0:0:0:0:1 - - [12/Sep/2018:18:21:04 +0800] "POST /Poll/teacher/logincl HTTP/1.1" 302 - http-bio-8888-exec-5 323
0:0:0:0:0:0:0:1 - - [12/Sep/2018:18:21:04 +0800] "GET /Poll/teacher/index HTTP/1.1" 200 26037 http-bio-8888-exec-6 85
0:0:0:0:0:0:0:1 - - [12/Sep/2018:18:21:06 +0800] "GET /Poll/teacher/index?status=4 HTTP/1.1" 200 30103 http-bio-8888-exec-7 35
0:0:0:0:0:0:0:1 - - [12/Sep/2018:18:21:08 +0800] "POST /Poll/teacher/check HTTP/1.1" 200 1 http-bio-8888-exec-8 30
0:0:0:0:0:0:0:1 - - [12/Sep/2018:18:21:11 +0800] "GET /Poll HTTP/1.1" 302 - http-bio-8888-exec-9 0
0:0:0:0:0:0:0:1 - - [12/Sep/2018:18:21:11 +0800] "GET /Poll/ HTTP/1.1" 302 - http-bio-8888-exec-9 12
0:0:0:0:0:0:0:1 - - [12/Sep/2018:18:21:11 +0800] "GET /Poll/student/index HTTP/1.1" 200 28026 http-bio-8888-exec-9 21
192.168.1.63 - - [12/Sep/2018:18:21:18 +0800] "GET /Poll/student/index;jsessionid=22E74C266487230654244CC6FA3DE51C HTTP/1.1" 200 28026 http-bio-8888-exec-5 0
192.168.1.128 - - [12/Sep/2018:18:21:25 +0800] "GET /Poll HTTP/1.1" 302 - http-bio-8888-exec-2 0
192.168.1.128 - - [12/Sep/2018:18:21:25 +0800] "GET /Poll/ HTTP/1.1" 302 - http-bio-8888-exec-2 0
192.168.1.128 - - [12/Sep/2018:18:21:25 +0800] "GET /Poll/student/index HTTP/1.1" 200 28026 http-bio-8888-exec-4 0
192.168.1.29 - - [12/Sep/2018:18:21:35 +0800] "GET /Poll/student/index;jsessionid=CB03F5BEFD569A3A5D551E04BB9EF385 HTTP/1.1" 200 28026 http-bio-8888-exec-8 0
192.168.1.29 - - [12/Sep/2018:18:21:36 +0800] "GET /Poll/student/index;jsessionid=CB03F5BEFD569A3A5D551E04BB9EF385 HTTP/1.1" 200 28026 http-bio-8888-exec-8 16
192.168.1.29 - - [12/Sep/2018:18:21:36 +0800] "GET /Poll/student/index;jsessionid=CB03F5BEFD569A3A5D551E04BB9EF385 HTTP/1.1" 200 28026 http-bio-8888-exec-8 0
192.168.1.29 - - [12/Sep/2018:18:21:36 +0800] "GET /Poll/student/index;jsessionid=CB03F5BEFD569A3A5D551E04BB9EF385 HTTP/1.1" 200 28026 http-bio-8888-exec-8 0
192.168.1.29 - - [12/Sep/2018:18:21:36 +0800] "GET /Poll/student/index;jsessionid=CB03F5BEFD569A3A5D551E04BB9EF385 HTTP/1.1" 200 28026 http-bio-8888-exec-8 0
192.168.1.29 - - [12/Sep/2018:18:21:37 +0800] "GET /Poll/student/index;jsessionid=CB03F5BEFD569A3A5D551E04BB9EF385 HTTP/1.1" 200 28026 http-bio-8888-exec-8 0
192.168.1.29 - - [12/Sep/2018:18:21:37 +0800] "GET /Poll/student/index;jsessionid=CB03F5BEFD569A3A5D551E04BB9EF385 HTTP/1.1" 200 28026 http-bio-8888-exec-8 0
192.168.1.29 - - [12/Sep/2018:18:21:37 +0800] "GET /Poll/student/index;jsessionid=CB03F5BEFD569A3A5D551E04BB9EF385 HTTP/1.1" 200 28026 http-bio-8888-exec-2 0
192.168.1.9 - - [12/Sep/2018:18:21:41 +0800] "GET /Poll?tdsourcetag=s_pcqq_aiomsg HTTP/1.1" 302 - http-bio-8888-exec-2 0
192.168.1.9 - - [12/Sep/2018:18:21:41 +0800] "GET /Poll/?tdsourcetag=s_pcqq_aiomsg HTTP/1.1" 302 - http-bio-8888-exec-11 15
192.168.1.9 - - [12/Sep/2018:18:21:41 +0800] "GET /Poll/student/index;jsessionid=01450298A0571B3F2523D689902F53A1 HTTP/1.1" 200 28026 http-bio-8888-exec-1 0
192.168.1.9 - - [12/Sep/2018:18:21:42 +0800] "GET /Poll/dist/css/bootstrap.min.css HTTP/1.1" 304 - http-bio-8888-exec-1 0
192.168.1.9 - - [12/Sep/2018:18:21:42 +0800] "GET /Poll/dist/js/jquery.min.js HTTP/1.1" 304 - http-bio-8888-exec-2 0
192.168.1.9 - - [12/Sep/2018:18:21:42 +0800] "GET /Poll/dist/js/bootstrap.min.js HTTP/1.1" 304 - http-bio-8888-exec-13 0
192.168.1.9 - - [12/Sep/2018:18:21:42 +0800] "GET /Poll/js/student/index.js HTTP/1.1" 304 - http-bio-8888-exec-12 0
192.168.1.9 - - [12/Sep/2018:18:21:42 +0800] "GET /Poll/dist/fonts/glyphicons-halflings-regular.eot? HTTP/1.1" 304 - http-bio-8888-exec-1 15
192.168.1.9 - - [12/Sep/2018:18:21:42 +0800] "GET /favicon.ico HTTP/1.1" 404 - http-bio-8888-exec-14 0
192.168.1.156 - - [12/Sep/2018:18:21:53 +0800] "GET /Poll HTTP/1.1" 302 - http-bio-8888-exec-2 0
192.168.1.156 - - [12/Sep/2018:18:21:53 +0800] "GET /Poll/ HTTP/1.1" 302 - http-bio-8888-exec-13 2
192.168.1.156 - - [12/Sep/2018:18:21:53 +0800] "GET /Poll/student/index HTTP/1.1" 200 28026 http-bio-8888-exec-13 4
192.168.1.70 - - [12/Sep/2018:18:21:54 +0800] "GET /Poll HTTP/1.1" 302 - http-bio-8888-exec-2 0
192.168.1.70 - - [12/Sep/2018:18:21:54 +0800] "GET /Poll/ HTTP/1.1" 302 - http-bio-8888-exec-2 0
192.168.1.70 - - [12/Sep/2018:18:21:54 +0800] "GET /Poll/student/index;jsessionid=76EA6219CA947B3C2162E2A113374749 HTTP/1.1" 200 28026 http-bio-8888-exec-15 0
192.168.1.70 - - [12/Sep/2018:18:21:54 +0800] "GET /favicon.ico HTTP/1.1" 404 - http-bio-8888-exec-15 0
192.168.1.135 - - [12/Sep/2018:18:21:54 +0800] "GET /Poll HTTP/1.1" 302 - http-bio-8888-exec-1 0
192.168.1.135 - - [12/Sep/2018:18:21:54 +0800] "GET /Poll/ HTTP/1.1" 302 - http-bio-8888-exec-18 0
192.168.1.135 - - [12/Sep/2018:18:21:54 +0800] "GET /Poll/student/index;jsessionid=470DAC0DF9352C0368FB62A76585CAEE HTTP/1.1" 200 28026 http-bio-8888-exec-19 0
192.168.1.135 - - [12/Sep/2018:18:21:55 +0800] "GET /favicon.ico HTTP/1.1" 404 - http-bio-8888-exec-18 0
192.168.1.15 - - [12/Sep/2018:18:22:05 +0800] "GET /Poll/student/index;jsessionid=A1677DCA55CE3589BF980D20C8BB4F76 HTTP/1.1" 200 28026 http-bio-8888-exec-19 0
0:0:0:0:0:0:0:1 - - [12/Sep/2018:18:22:07 +0800] "GET /Poll/teacher/login HTTP/1.1" 200 5329 http-bio-8888-exec-9 6
